Messaging1550748367499
Messaging1552068751642
usi-logo
lugano-2019.04.03
pantheon
