feyerabend_paul_against_method
gpu_computing_gems_9780123849892
strange_fruit
usi-logo
beyond_vietnam
