Messaging1550748367499
Messaging1552068751642
pantheon
ANTO
